// Jest Snapshot v1, https://goo.gl/fbAQLP

exports[`ButtonMetamask should render ButtonMetamask component 1`] = `
<button
  className="btn-ButtonMetamask "
  onClick={[MockFunction]}
  type="button"
>
  <span
    className="btn-ButtonMetamask_Icon"
  />
  <span
    className="btn-ButtonMetamask_TextContainer"
  >
    <span
      className="btn-ButtonMetamask_TopText"
    >
      Download
    </span>
    <span
      className="btn-ButtonMetamask_BottomText"
    >
      Metamask
    </span>
  </span>
</button>
`;
