// Jest Snapshot v1, https://goo.gl/fbAQLP

exports[`NumericInput Should render the component 1`] = `
<div
  className="sw-NumericInput "
>
  <div
    className="sw-FormControlTitle"
  >
    <label
      className="sw-FormControlTitle_Label"
    >
      Decimals
    </label>
    <div
      className="sw-FormControlTitle_Info"
      tabIndex="-1"
    >
      <span
        className="sw-FormControlTitle_Tooltip"
      >
        Refers to how divisible a token can be, from 0 (not at all divisible) to 18 (pretty much continuous).
      </span>
    </div>
  </div>
  <div
    className="sw-NumericInput_InputAndButtonContainer"
  >
    <input
      className="sw-TextField"
      disabled={undefined}
      id={undefined}
      max={undefined}
      min={undefined}
      name={undefined}
      onBlur={undefined}
      onChange={[Function]}
      onFocus={undefined}
      onKeyPress={[Function]}
      onPaste={[Function]}
      placeholder={undefined}
      style={undefined}
      type="number"
      value=""
    />
    <div
      className="sw-NumericInput_ButtonPlus"
      onClick={undefined}
    />
  </div>
  
</div>
`;
