// Jest Snapshot v1, https://goo.gl/fbAQLP

exports[`PreventRefresh should render PreventRefresh component 1`] = `<div />`;
