// Jest Snapshot v1, https://goo.gl/fbAQLP

exports[`TierBlock  should render TierBlock component 1`] = `<div />`;
