// Jest Snapshot v1, https://goo.gl/fbAQLP

exports[`TxStatusIconClock should render TxStatusIconClock component 1`] = `
<svg
  className="tx-TxStatusIconClock"
  height="19"
  viewBox="0 0 19 19"
  width="19"
  xmlns="http://www.w3.org/2000/svg"
>
  <g
    fill="#404040"
    fillRule="nonzero"
    opacity=".503"
  >
    <path
      d="M9.419 0C4.225 0 0 4.225 0 9.419c0 5.193 4.225 9.418 9.419 9.418 5.193 0 9.418-4.225 9.418-9.418C18.837 4.225 14.612 0 9.42 0zm0 16.833c-4.089 0-7.415-3.326-7.415-7.414 0-4.089 3.326-7.415 7.415-7.415 4.088 0 7.414 3.326 7.414 7.415 0 4.088-3.326 7.414-7.414 7.414z"
    />
    <path
      d="M14.327 9.128h-4.233v-5.09a.776.776 0 0 0-1.55 0v5.865c0 .429.347.776.775.776h5.008a.776.776 0 0 0 0-1.551z"
    />
  </g>
</svg>
`;
