// Jest Snapshot v1, https://goo.gl/fbAQLP

exports[`CancelCrowdsale should render screen with render without throwing an error 1`] = `"Cancel crowdsale"`;

exports[`CancelCrowdsale should render screen with shallow without throwing an error 1`] = `
<button
  className="hm-Home_BtnChoose"
  onClick={[Function]}
>
  Cancel crowdsale
</button>
`;
