// Jest Snapshot v1, https://goo.gl/fbAQLP

exports[`Header  should render Footer component 1`] = `
<header
  className="header"
>
  <div
    className="container"
  >
    <Link
      className="logo"
      replace={false}
      to="/"
    />
  </div>
</header>
`;

exports[`Header  should return null 1`] = `
<header
  className="header"
>
  <div
    className="container"
  >
    <Link
      className="logo"
      replace={false}
      to="/"
    />
  </div>
</header>
`;
