// Jest Snapshot v1, https://goo.gl/fbAQLP

exports[`ContributeDataColumns should render ContributeDataColumns component 1`] = `
<div
  className="cnt-ContributeDataColumns "
>
  <div
    className="cnt-ContributeDataColumns_Item"
  >
    <p
      className="cnt-ContributeDataColumns_ItemData"
    >
      Name
    </p>
    <h4
      className="cnt-ContributeDataColumns_ItemTitle"
    >
      Token Name
    </h4>
  </div>
  <div
    className="cnt-ContributeDataColumns_Item"
  >
    <p
      className="cnt-ContributeDataColumns_ItemData"
    >
      Ticker
    </p>
    <h4
      className="cnt-ContributeDataColumns_ItemTitle"
    >
      TKN
    </h4>
  </div>
  <div
    className="cnt-ContributeDataColumns_Item"
  >
    <p
      className="cnt-ContributeDataColumns_ItemData"
    >
      Total Supply
    </p>
    <h4
      className="cnt-ContributeDataColumns_ItemTitle"
    >
      100 TKN
    </h4>
  </div>
  <div
    className="cnt-ContributeDataColumns_Item"
  >
    <p
      className="cnt-ContributeDataColumns_ItemData"
    >
      Minimum Contribution
    </p>
    <h4
      className="cnt-ContributeDataColumns_ItemTitle"
    >
      10
    </h4>
  </div>
  <div
    className="cnt-ContributeDataColumns_Item"
  >
    <p
      className="cnt-ContributeDataColumns_ItemData"
    >
      Maximum Contribution
    </p>
    <h4
      className="cnt-ContributeDataColumns_ItemTitle"
    >
      100
    </h4>
  </div>
</div>
`;
