// Jest Snapshot v1, https://goo.gl/fbAQLP

exports[`ContributeForm should render ContributeForm component 1`] = `
<form
  className="contribute-form"
  onSubmit={[Function]}
>
  <label
    className="contribute-form-label"
  >
    Choose amount to contribute
  </label>
  <div
    className="contribute-form-input-container"
  >
    <div
      className={undefined}
    >
      <label
        className="label"
        htmlFor="contribute"
      />
      <input
        autoComplete="off"
        className="contribute-form-input"
        disabled={undefined}
        id="contribute"
        name="contribute"
        onBlur={[Function]}
        onChange={[Function]}
        onFocus={[Function]}
        placeholder="0"
        type={undefined}
        value=""
      />
      <p
        className="description"
      />
      <span>
        <p
          className="error"
          style={
            Object {
              "color": "red",
              "fontSize": "12px",
              "fontWeight": "bold",
              "height": "20px",
              "width": "100%",
            }
          }
        />
      </span>
    </div>
    <div
      className="contribute-form-label"
    >
      TOKENS
    </div>
  </div>
  <div
    className="contribute-through-container"
  >
    <select
      className="contribute-through"
      onChange={[Function]}
      value="metamask"
    >
      <option
        disabled={false}
        value="metamask"
      >
        Metamask 
      </option>
      <option
        value="qr"
      >
        QR
      </option>
    </select>
    <button
      className="button button_fill button_no_border button_disabled"
      disabled={true}
      onClick={[Function]}
    >
      Contribute
    </button>
  </div>
  <p
    className="description"
  >
    Think twice before contributing to Crowdsales. Tokens will be deposited on a wallet you used to buy tokens.
  </p>
</form>
`;

exports[`ContributeForm should render ContributeForm component and its children 1`] = `
<form
  className="contribute-form"
  onSubmit={[Function]}
>
  <label
    className="contribute-form-label"
  >
    Choose amount to contribute
  </label>
  <div
    className="contribute-form-input-container"
  >
    <div
      className={undefined}
    >
      <label
        className="label"
        htmlFor="contribute"
      />
      <input
        autoComplete="off"
        className="contribute-form-input"
        disabled={undefined}
        id="contribute"
        name="contribute"
        onBlur={[Function]}
        onChange={[Function]}
        onFocus={[Function]}
        placeholder="0"
        type={undefined}
        value=""
      />
      <p
        className="description"
      />
      <span>
        <p
          className="error"
          style={
            Object {
              "color": "red",
              "fontSize": "12px",
              "fontWeight": "bold",
              "height": "20px",
              "width": "100%",
            }
          }
        />
      </span>
    </div>
    <div
      className="contribute-form-label"
    >
      TOKENS
    </div>
  </div>
  <div
    className="contribute-through-container"
  >
    <select
      className="contribute-through"
      onChange={[Function]}
      value="metamask"
    >
      <option
        disabled={false}
        value="metamask"
      >
        Metamask 
      </option>
      <option
        value="qr"
      >
        QR
      </option>
    </select>
    <button
      className="button button_fill button_no_border button_disabled"
      disabled={true}
      onClick={[Function]}
    >
      Contribute
    </button>
  </div>
  <p
    className="description"
  >
    Think twice before contributing to Crowdsales. Tokens will be deposited on a wallet you used to buy tokens.
  </p>
</form>
`;
