// Jest Snapshot v1, https://goo.gl/fbAQLP

exports[`StepOne should render StepOne screen 1`] = `
<div>
  <section
    className="lo-MenuBarAndContent"
  >
    <div
      className="st-StepNavigation"
    >
      <a
        className="sw-LogoWhite"
        href="/"
      />
      <div
        className="st-StepNavigation_Container"
      >
        <div
          className="st-StepItem
        active  "
        >
          <div
            className="st-StepItem_Circle"
          />
          <div
            className="st-StepItem_Line"
          />
          <span
            className="st-StepItem_Text"
          >
            Crowdsale Strategy
          </span>
        </div>
        <div
          className="st-StepItem
          "
        >
          <div
            className="st-StepItem_Circle"
          />
          <div
            className="st-StepItem_Line"
          />
          <span
            className="st-StepItem_Text"
          >
            Token Setup
          </span>
        </div>
        <div
          className="st-StepItem
          "
        >
          <div
            className="st-StepItem_Circle"
          />
          <div
            className="st-StepItem_Line"
          />
          <span
            className="st-StepItem_Text"
          >
            Crowdsale Setup
          </span>
        </div>
        <div
          className="st-StepItem
          "
        >
          <div
            className="st-StepItem_Circle"
          />
          <div
            className="st-StepItem_Line"
          />
          <span
            className="st-StepItem_Text"
          >
            Publish
          </span>
        </div>
        <div
          className="st-StepItem
          "
        >
          <div
            className="st-StepItem_Circle"
          />
          <span
            className="st-StepItem_Text"
          >
            Crowdsale Page
          </span>
        </div>
      </div>
    </div>
    <div
      className="st-StepContent"
    >
      <div
        className="st-SectionInfo "
      >
        <div
          className="st-SectionInfo_Icon st-SectionInfo_Icon-step1"
        />
        <div
          className="st-SectionInfo_Text"
        >
          <h1
            className="st-SectionInfo_Title"
          >
            Crowdsale Strategy
          </h1>
          <p
            className="st-SectionInfo_Description"
            dangerouslySetInnerHTML={
              Object {
                "__html": "Select a strategy for your crowdsale contract.",
              }
            }
          />
        </div>
      </div>
      <div
        className="sw-RadioItems"
      >
        <label
          className="sw-RadioItems_Item"
        >
          <input
            checked={true}
            className="sw-RadioItems_InputRadio"
            id="white-list-with-cap"
            name="contract-type"
            onChange={[Function]}
            type="radio"
            value="white-list-with-cap"
          />
          <span
            className="sw-RadioItems_ItemContent"
          >
            <span
              className="sw-RadioItems_ItemContentText"
            >
              <span
                className="sw-RadioItems_ItemTitle"
              >
                Whitelist with Cap
              </span>
              <span
                className="sw-RadioItems_ItemDescription"
              >
                Modern crowdsale strategy with multiple tiers, whitelists, and limits. Recommended for every crowdsale.
              </span>
            </span>
            <span
              className="sw-RadioItems_Radio"
            />
          </span>
        </label>
        <label
          className="sw-RadioItems_Item"
        >
          <input
            checked={false}
            className="sw-RadioItems_InputRadio"
            id="dutch-auction"
            name="contract-type"
            onChange={[Function]}
            type="radio"
            value="dutch-auction"
          />
          <span
            className="sw-RadioItems_ItemContent"
          >
            <span
              className="sw-RadioItems_ItemContentText"
            >
              <span
                className="sw-RadioItems_ItemTitle"
              >
                Dutch Auction
              </span>
              <span
                className="sw-RadioItems_ItemDescription"
              >
                An auction with descending price.
              </span>
            </span>
            <span
              className="sw-RadioItems_Radio"
            />
          </span>
        </label>
      </div>
      <div
        className="st-StepContent_Buttons"
      >
        <button
          className="sw-ButtonContinue "
          disabled={false}
          onClick={[Function]}
          type="button"
        >
          <span
            className="sw-ButtonContinue_Text"
          >
            Continue
          </span>
        </button>
      </div>
    </div>
  </section>
</div>
`;
